
Memory Configuration

Name             Origin             Length             Attributes
Flash            0x08000000         0x00008000         xr
SRAM             0x20000000         0x00002800         xrw
*default*        0x00000000         0xffffffff

Linker script and memory map


.text           0x08000000       0xcc
 *(.vectors*)
 .vectors       0x08000000       0x14 startup.o
 *(.text*)
 .text          0x08000014       0xb0 main.o
                0x08000014                main
 .text          0x080000c4        0x8 startup.o
 *(.rodata)

.glue_7         0x080000cc        0x0
 .glue_7        0x00000000        0x0 linker stubs

.glue_7t        0x080000cc        0x0
 .glue_7t       0x00000000        0x0 linker stubs

.vfp11_veneer   0x080000cc        0x0
 .vfp11_veneer  0x00000000        0x0 linker stubs

.v4_bx          0x080000cc        0x0
 .v4_bx         0x00000000        0x0 linker stubs

.iplt           0x080000cc        0x0
 .iplt          0x00000000        0x0 main.o

.rel.dyn        0x080000cc        0x0
 .rel.iplt      0x00000000        0x0 main.o

.data           0x20000000        0x4
 *(.data)
 .data          0x20000000        0x4 main.o
                0x20000000                R_ODR
 .data          0x20000004        0x0 startup.o

.igot.plt       0x20000004        0x0
 .igot.plt      0x00000000        0x0 main.o

.bss            0x20000004        0x0
 *(.bss)
 .bss           0x20000004        0x0 main.o
 .bss           0x20000004        0x0 startup.o
LOAD main.o
LOAD startup.o
OUTPUT(learn-in-depth.elf elf32-littlearm)

.debug_info     0x00000000      0x15e
 .debug_info    0x00000000       0xef main.o
 .debug_info    0x000000ef       0x6f startup.o

.debug_abbrev   0x00000000       0xef
 .debug_abbrev  0x00000000       0xdb main.o
 .debug_abbrev  0x000000db       0x14 startup.o

.debug_loc      0x00000000       0x38
 .debug_loc     0x00000000       0x38 main.o

.debug_aranges  0x00000000       0x40
 .debug_aranges
                0x00000000       0x20 main.o
 .debug_aranges
                0x00000020       0x20 startup.o

.debug_line     0x00000000       0x92
 .debug_line    0x00000000       0x57 main.o
 .debug_line    0x00000057       0x3b startup.o

.debug_str      0x00000000       0x99
 .debug_str     0x00000000       0x99 main.o

.comment        0x00000000       0x11
 .comment       0x00000000       0x11 main.o
                                 0x12 (size before relaxing)

.ARM.attributes
                0x00000000       0x31
 .ARM.attributes
                0x00000000       0x33 main.o
 .ARM.attributes
                0x00000033       0x21 startup.o

.debug_frame    0x00000000       0x2c
 .debug_frame   0x00000000       0x2c main.o
